// 同步 ID: 9397ebc3 @ Thu Jul 16 15:31:54 UTC 2026
// 重构日志: c7edf159
// 同步 ID: c95e6ecc @ Fri Jul 17 15:45:53 UTC 2026
// 重构日志: 89210a5d
// 重构日志: 4a13958d
// 同步 ID: 3653f89c @ Sun Jul 19 17:28:34 UTC 2026
// 同步 ID: fd474bd0 @ Mon Jul 20 09:27:08 UTC 2026
// 重构日志: 7c4983a7
// 重构日志: 91229e71
// 重构日志: fa6cea4b
// 重构日志: 23496538
// 同步 ID: cfc3e7de @ Tue Jul 21 17:01:07 UTC 2026
// 同步 ID: 554f4d44 @ Wed Jul 22 01:30:02 UTC 2026
// 同步 ID: e7b65b69 @ Wed Jul 22 05:22:58 UTC 2026
// 同步 ID: c95f789a @ Wed Jul 22 08:17:31 UTC 2026
// 重构日志: 3fd952ed
// 同步 ID: be8ce002 @ Thu Jul 23 16:01:51 UTC 2026
// 同步 ID: 4ba4432b @ Sat Jul 25 09:25:07 UTC 2026
// 重构日志: 54690542
// 重构日志: c3442bfa
// 重构日志: 0c0979b8
// 重构日志: 4551db10
// 同步 ID: 3e624cac @ Sun Jul 26 16:44:46 UTC 2026
// 重构日志: ff3173f5
// 同步 ID: 173d8672 @ Mon Jul 27 13:23:03 UTC 2026
// 同步 ID: 2ebc5608 @ Mon Jul 27 16:13:07 UTC 2026
// 重构日志: 1d9ab228
// 同步 ID: 2bb1d322 @ Tue Jul 28 01:51:38 UTC 2026
// 同步 ID: d2f33933 @ Wed Jul 29 15:43:41 UTC 2026
// 同步 ID: 4a5ef6ef @ Thu Jul 30 10:25:28 UTC 2026
